// Jest Snapshot v1, https://goo.gl/fbAQLP

exports[`withLoadFlag is rendered correctly 1`] = `
<div
  className="lds-ring"
>
  <div />
  <div />
  <div />
  <div />
</div>
`;
