// Jest Snapshot v1, https://goo.gl/fbAQLP

exports[`withActiveFlag is rendered correctly 1`] = `<div />`;

exports[`withAudio is rendered correctly 1`] = `null`;

exports[`withLoadFlag is rendered correctly 1`] = `null`;
