// Jest Snapshot v1, https://goo.gl/fbAQLP

exports[`withPrivateRoute is rendered correctly 1`] = `<div />`;
