// Jest Snapshot v1, https://goo.gl/fbAQLP

exports[`Should NoOffers render properly 1`] = `
<div
  className="cities"
>
  <div
    className="cities__places-container cities__places-container--empty container"
  >
    <section
      className="cities__no-places"
    >
      <div
        className="cities__status-wrapper tabs__content"
      >
        <b
          className="cities__status"
        >
          No places to stay available
        </b>
        <p
          className="cities__status-description"
        >
          We could not find any property available at the moment in 
          Amsterdam
        </p>
      </div>
    </section>
    <div
      className="cities__right-section"
    />
  </div>
</div>
`;
