// Jest Snapshot v1, https://goo.gl/fbAQLP

exports[`withActiveFlag is rendered correctly 1`] = `<div />`;
