// Jest Snapshot v1, https://goo.gl/fbAQLP

exports[`Should LoginForm render properly 1`] = `
<form
  action="#"
  className="login__form form"
  method="post"
  onSubmit={[Function]}
>
  <div
    className="login__input-wrapper form__input-wrapper"
  >
    <label
      className="visually-hidden"
    >
      E-mail
    </label>
    <input
      className="login__input form__input"
      name="email"
      placeholder="Email"
      required=""
      type="email"
    />
  </div>
  <div
    className="login__input-wrapper form__input-wrapper"
  >
    <label
      className="visually-hidden"
    >
      Password
    </label>
    <input
      className="login__input form__input"
      name="password"
      placeholder="Password"
      required=""
      type="password"
    />
  </div>
  <button
    className="login__submit form__submit button"
    type="submit"
  >
    Sign in
  </button>
</form>
`;
