// Jest Snapshot v1, https://goo.gl/fbAQLP

exports[`Should MainPage render properly 1`] = `
<div
  className="page page--gray page--main"
>
  <header
    className="header"
  >
    <div
      className="container"
    >
      <div
        className="header__wrapper"
      >
        <div
          className="header__left"
        >
          <a
            className="header__logo-link"
            href="/"
            onClick={[Function]}
          >
            <img
              alt="6 cities logo"
              className="header__logo"
              height="41"
              src="img/logo.svg"
              width="81"
            />
          </a>
        </div>
        <nav
          className="header__nav"
        >
          <ul
            className="header__nav-list"
          >
            <li
              className="header__nav-item user"
            >
              <a
                className="header__nav-link header__nav-link--profile"
                href="/favorites"
                onClick={[Function]}
              >
                <div
                  className="header__avatar-wrapper user__avatar-wrapper"
                />
                <span
                  className="header__user-name user__name"
                >
                  Sign In
                </span>
              </a>
            </li>
          </ul>
        </nav>
      </div>
    </div>
  </header>
  <main
    className="page__main page__main--index
      3"
  >
    <h1
      className="visually-hidden"
    >
      Cities
    </h1>
    <div
      className="tabs"
    >
      <section
        className="locations container"
      >
        <ul
          className="locations__list tabs__list"
        >
          <li
            className="locations__item"
            onClick={[Function]}
          >
            <a
              className="locations__item-link tabs__item "
              href="#"
            >
              <span>
                Paris
              </span>
            </a>
          </li>
          <li
            className="locations__item"
            onClick={[Function]}
          >
            <a
              className="locations__item-link tabs__item "
              href="#"
            >
              <span>
                Cologne
              </span>
            </a>
          </li>
          <li
            className="locations__item"
            onClick={[Function]}
          >
            <a
              className="locations__item-link tabs__item "
              href="#"
            >
              <span>
                Brussels
              </span>
            </a>
          </li>
          <li
            className="locations__item"
            onClick={[Function]}
          >
            <a
              className="locations__item-link tabs__item tabs__item--active"
              href="#"
            >
              <span>
                Amsterdam
              </span>
            </a>
          </li>
          <li
            className="locations__item"
            onClick={[Function]}
          >
            <a
              className="locations__item-link tabs__item "
              href="#"
            >
              <span>
                Hamburg
              </span>
            </a>
          </li>
          <li
            className="locations__item"
            onClick={[Function]}
          >
            <a
              className="locations__item-link tabs__item "
              href="#"
            >
              <span>
                Dusseldorf
              </span>
            </a>
          </li>
        </ul>
      </section>
    </div>
    <div
      className="cities"
    >
      <div
        className="cities__places-container container"
      >
        <section
          className="cities__places places"
        >
          <h2
            className="visually-hidden"
          >
            Places
          </h2>
          <b
            className="places__found"
          >
            3
             places to stay in 
            Amsterdam
          </b>
          <form
            action="#"
            className="places__sorting"
            method="get"
          >
            <span
              className="places__sorting-caption"
            >
              Sort by
            </span>
            <span
              className="places__sorting-type"
              onClick={[Function]}
            >
              Popular
              <svg
                className="places__sorting-arrow"
                height="4"
                width="7"
              >
                <use
                  xlinkHref="#icon-arrow-select"
                />
              </svg>
            </span>
            <ul
              className="places__options places__options--custom
        "
            >
              <li
                className="places__option places__option--active"
                onClick={[Function]}
              >
                Popular
              </li>
              <li
                className="places__option "
                onClick={[Function]}
              >
                Price: low to high
              </li>
              <li
                className="places__option "
                onClick={[Function]}
              >
                Price: high to low
              </li>
              <li
                className="places__option "
                onClick={[Function]}
              >
                Top rated first
              </li>
            </ul>
          </form>
          <div
            className="cities__places-list places__list tabs__content"
          >
            <article
              className="cities__place-card place-card"
              onMouseEnter={[Function]}
              onMouseLeave={[Function]}
            >
              <div
                className="place-card__mark"
              >
                <span>
                  Premium
                </span>
              </div>
              <div
                className="cities__image-wrapper place-card__image-wrapper"
              >
                <a
                  href="#"
                >
                  <img
                    alt="Place image"
                    className="place-card__image"
                    height="200"
                    src="img/apartment-02.jpg"
                    width="260"
                  />
                </a>
              </div>
              <div
                className=" place-card__info"
              >
                <div
                  className="place-card__price-wrapper"
                >
                  <div
                    className="place-card__price"
                  >
                    <b
                      className="place-card__price-value"
                    >
                      €
                      100
                    </b>
                    <span
                      className="place-card__price-text"
                    >
                      / night
                    </span>
                  </div>
                  <button
                    className="place-card__bookmark-button button
              place-card__bookmark-button--active"
                    onClick={[Function]}
                    type="button"
                  >
                    <svg
                      className="place-card__bookmark-icon"
                      height="19"
                      width="18"
                    >
                      <use
                        xlinkHref="#icon-bookmark"
                      />
                    </svg>
                    <span
                      className="visually-hidden"
                    >
                      In bookmarks
                    </span>
                  </button>
                </div>
                <div
                  className="place-card__rating rating"
                >
                  <div
                    className="place-card__stars rating__stars"
                  >
                    <span
                      style={
                        Object {
                          "width": "100%",
                        }
                      }
                    />
                    <span
                      className="visually-hidden"
                    >
                      Rating
                    </span>
                  </div>
                </div>
                <h2
                  className="place-card__name"
                >
                  <a
                    href="/offer/101"
                    onClick={[Function]}
                  >
                    Wood and stone place
                  </a>
                </h2>
                <p
                  className="place-card__type"
                >
                  House
                </p>
              </div>
            </article>
            <article
              className="cities__place-card place-card"
              onMouseEnter={[Function]}
              onMouseLeave={[Function]}
            >
              <div
                className="cities__image-wrapper place-card__image-wrapper"
              >
                <a
                  href="#"
                >
                  <img
                    alt="Place image"
                    className="place-card__image"
                    height="200"
                    src="img/apartment-02.jpg"
                    width="260"
                  />
                </a>
              </div>
              <div
                className=" place-card__info"
              >
                <div
                  className="place-card__price-wrapper"
                >
                  <div
                    className="place-card__price"
                  >
                    <b
                      className="place-card__price-value"
                    >
                      €
                      80
                    </b>
                    <span
                      className="place-card__price-text"
                    >
                      / night
                    </span>
                  </div>
                  <button
                    className="place-card__bookmark-button button
              place-card__bookmark-button--active"
                    onClick={[Function]}
                    type="button"
                  >
                    <svg
                      className="place-card__bookmark-icon"
                      height="19"
                      width="18"
                    >
                      <use
                        xlinkHref="#icon-bookmark"
                      />
                    </svg>
                    <span
                      className="visually-hidden"
                    >
                      In bookmarks
                    </span>
                  </button>
                </div>
                <div
                  className="place-card__rating rating"
                >
                  <div
                    className="place-card__stars rating__stars"
                  >
                    <span
                      style={
                        Object {
                          "width": "80%",
                        }
                      }
                    />
                    <span
                      className="visually-hidden"
                    >
                      Rating
                    </span>
                  </div>
                </div>
                <h2
                  className="place-card__name"
                >
                  <a
                    href="/offer/102"
                    onClick={[Function]}
                  >
                    Nice, cozy, warm big bed apartment
                  </a>
                </h2>
                <p
                  className="place-card__type"
                >
                  Hotel
                </p>
              </div>
            </article>
            <article
              className="cities__place-card place-card"
              onMouseEnter={[Function]}
              onMouseLeave={[Function]}
            >
              <div
                className="cities__image-wrapper place-card__image-wrapper"
              >
                <a
                  href="#"
                >
                  <img
                    alt="Place image"
                    className="place-card__image"
                    height="200"
                    src="img/apartment-02.jpg"
                    width="260"
                  />
                </a>
              </div>
              <div
                className=" place-card__info"
              >
                <div
                  className="place-card__price-wrapper"
                >
                  <div
                    className="place-card__price"
                  >
                    <b
                      className="place-card__price-value"
                    >
                      €
                      120
                    </b>
                    <span
                      className="place-card__price-text"
                    >
                      / night
                    </span>
                  </div>
                  <button
                    className="place-card__bookmark-button button
              "
                    onClick={[Function]}
                    type="button"
                  >
                    <svg
                      className="place-card__bookmark-icon"
                      height="19"
                      width="18"
                    >
                      <use
                        xlinkHref="#icon-bookmark"
                      />
                    </svg>
                    <span
                      className="visually-hidden"
                    >
                      To bookmarks
                    </span>
                  </button>
                </div>
                <div
                  className="place-card__rating rating"
                >
                  <div
                    className="place-card__stars rating__stars"
                  >
                    <span
                      style={
                        Object {
                          "width": "60%",
                        }
                      }
                    />
                    <span
                      className="visually-hidden"
                    >
                      Rating
                    </span>
                  </div>
                </div>
                <h2
                  className="place-card__name"
                >
                  <a
                    href="/offer/103"
                    onClick={[Function]}
                  >
                    Canal View Prinsengracht
                  </a>
                </h2>
                <p
                  className="place-card__type"
                >
                  Hotel
                </p>
              </div>
            </article>
          </div>
        </section>
        <div
          className="cities__right-section"
        >
          <section
            className="cities__map map"
          >
            <div
              style={
                Object {
                  "height": "100%",
                }
              }
            />
          </section>
        </div>
      </div>
    </div>
  </main>
</div>
`;
